abscal.pro
ad2xy.pro
adstring.pro
adxy.pro
afhread.pro
airtovac.pro
aitoff_grid.pro
aitoff.pro
altaz2hadec.pro
aper.pro
arcbar.pro
arrows.pro
asinh.pro
astdisp.pro
astrmfix.pro
astrolib.pro
astro.pro
autohist.pro
avg.pro
baryvel.pro
biweight_mean.pro
blink.pro
blkshift.pro
boost_array.pro
boxave.pro
bprecess.pro
break_path.pro
bsort.pro
calz_unred.pro
ccm_unred.pro
check_fits.pro
checksum32.pro
cic.pro
cirrange.pro
cleanplot.pro
cntrd.pro
co_aberration.pro
compare_struct.pro
concat_dir.pro
cons_dec.pro
cons_ra.pro
co_nutate.pro
convolve.pro
conv_stsdas.pro
conv_unix_vax.pro
conv_vax_unix.pro
copy_struct_inx.pro
copy_struct.pro
co_refract.pro
correl_images.pro
correl_optimize.pro
corrmat_analyze.pro
cosmo_param.pro
create_struct.pro
cr_reject.pro
cspline.pro
ct2lst.pro
curs.pro
curval.pro
daoerf.pro
dao_value.pro
datatype.pro
date_conv.pro
date.pro
daycnv.pro
dbbuild.pro
dbcircle.pro
dbclose.pro
dbcompare.pro
dbcompress.pro
dbcreate.pro
dbdelete.pro
dbedit_basic.pro
dbedit.pro
db_ent2ext.pro
db_ent2host.pro
dbext_dbf.pro
dbext_ind.pro
dbext.pro
dbfind_entry.pro
dbfind.pro
dbfind_sort.pro
dbfparse.pro
dbget.pro
dbhelp.pro
dbindex_blk.pro
dbindex.pro
db_info.pro
db_item_info.pro
db_item.pro
dbmatch.pro
dbopen.pro
db_or.pro
dbprint.pro
dbput.pro
dbrd.pro
dbsearch.pro
dbsort.pro
dbtarget.pro
dbtitle.pro
db_titles.pro
dbupdate.pro
dbval.pro
dbwrt.pro
dbxput.pro
dbxval.pro
def_dirlist.pro
delvarx.pro
deredd.pro
detabify.pro
dist_circle.pro
dist_ellipse.pro
eci2geo.pro
eq2hor.pro
eqpole_grid.pro
eqpole.pro
euler.pro
expand_tilde.pro
extast.pro
extgrp.pro
factor.pro
fdecomp.pro
f_format.pro
filter_image.pro
find_all_dir.pro
find.pro
findpro.pro
find_with_def.pro
fitexy.pro
fits_add_checksum.pro
fits_ascii_encode.pro
fits_cd_fix.pro
fits_close.pro
fitsdir.pro
fits_help.pro
fits_info.pro
fits_open.pro
fits_read.pro
fitsrgb_to_tiff.pro
fits_test_checksum.pro
fits_write.pro
flegendre.pro
flux2mag.pro
fm_unred.pro
forprint.pro
frebin.pro
ftab_delrow.pro
ftab_ext.pro
ftab_help.pro
ftab_print.pro
ftaddcol.pro
ftcreate.pro
ftdelcol.pro
ftdelrow.pro
ftget.pro
fthelp.pro
fthmod.pro
ftinfo.pro
ftkeeprow.pro
ftprint.pro
ftput.pro
ftsize.pro
ftsort.pro
fxaddpar.pro
fxbaddcol.pro
fxbclose.pro
fxbcolnum.pro
fxbcreate.pro
fxbdimen.pro
fxbfindlun.pro
fxbfind.pro
fxbfinish.pro
fxbgrow.pro
fxbheader.pro
fxbhelp.pro
fxbhmake.pro
fxbintable.pro
fxbisopen.pro
fxbopen.pro
fxbparse.pro
fxbreadm.pro
fxbread.pro
fxbstate.pro
fxbtdim.pro
fxbtform.pro
fxbwrite.pro
fxbwritm.pro
fxfindend.pro
fxhclean.pro
fxhmake.pro
fxhmodify.pro
fxhread.pro
fxmove.pro
fxparpos.pro
fxpar.pro
fxposit.pro
fxread.pro
fxwrite.pro
galage.pro
gal_flat.pro
gal_uvw.pro
gaussian.pro
gcirc.pro
gcntrd.pro
geo2eci.pro
geo2geodetic.pro
geo2mag.pro
geodetic2geo.pro
get_coords.pro
get_date.pro
get_equinox.pro
getfiles.pro
get_juldate.pro
getlog.pro
getopt.pro
getpro.pro
getpsf.pro
getrot.pro
gettok.pro
getwrd.pro
glactc.pro
group.pro
gsssadxy.pro
gsssextast.pro
gsss_stdast.pro
gsssxyad.pro
hadec2altaz.pro
hastrom.pro
hboxave.pro
hcongrid.pro
headfits.pro
helio_jd.pro
helio.pro
helio_rv.pro
hermite.pro
heuler.pro
hextract.pro
hgrep.pro
histogauss.pro
hor2eq.pro
host_to_ieee.pro
hprecess.pro
hprint.pro
hrebin.pro
hreverse.pro
hrotate.pro
hrot.pro
idl_validname.pro
ieee_to_host.pro
imcontour.pro
imdbase.pro
imf.pro
imgread.pro
imlist.pro
irafdir.pro
irafrd.pro
irafwrt.pro
isarray.pro
is_ieee_big.pro
ismeuv.pro
jdcnv.pro
jplephinterp.pro
jplephread.pro
jplephtest.pro
jprecess.pro
juldate.pro
ksone.pro
kstwo.pro
kuiperone.pro
kuipertwo.pro
legend.pro
legendtest.pro
lineid_plot.pro
linterp.pro
list_with_path.pro
lsf_rotate.pro
lumdist.pro
mag2flux.pro
mag2geo.pro
make_2d.pro
make_astr.pro
match.pro
max_entropy.pro
max_likelihood.pro
meanclip.pro
medarr.pro
medsmooth.pro
mid_rd_dirdsc.pro
mid_rd_image.pro
mid_rd_table.pro
mid_up_image.pro
mid_up_table.pro
minf_bracket.pro
minf_conj_grad.pro
minf_parabol_d.pro
minf_parabolic.pro
minmax.pro
mkhdr.pro
mmm.pro
modfits.pro
month_cnv.pro
moonpos.pro
mphase.pro
mrdfits.pro
mrd_hread.pro
mrd_skip.pro
mrd_struct.pro
multiplot.pro
mwrfits.pro
n_bytes.pro
ngp.pro
nint.pro
nstar.pro
n_struct.pro
nulltrim.pro
numlines.pro
nutate.pro
observatory.pro
one_arrow.pro
one_ray.pro
oploterror.pro
ordinal.pro
osfcnvrt.pro
partvelvec.pro
pca.pro
pent.pro
pixcolor.pro
pixwt.pro
pkfit.pro
planck.pro
planet_coords.pro
ploterror.pro
plothist.pro
plotsym.pro
poidev.pro
polint.pro
polrec.pro
polyleg.pro
poly_smooth.pro
posang.pro
positivity.pro
precess_cd.pro
precess.pro
precess_xyz.pro
premat.pro
prime.pro
print_struct.pro
prob_ks.pro
prob_kuiper.pro
product.pro
psf_gaussian.pro
putast.pro
qdcb_grid.pro
qget_string.pro
qsimp.pro
qtrap.pro
quadterp.pro
querydss.pro
querygsc.pro
querysimbad.pro
queryusno.pro
queryvizier.pro
radec.pro
randomp.pro
rdfits_struct.pro
rdfloat.pro
rdplot.pro
rdpsf.pro
readcol.pro
readfits.pro
readfmt.pro
read_key.pro
recpol.pro
redshift.pro
remchar.pro
rem_dup.pro
remove.pro
repchr.pro
repstr.pro
resistant_mean.pro
rinter.pro
rob_checkfit.pro
robust_linefit.pro
robust_poly_fit.pro
robust_sigma.pro
scr_attrib.pro
scr_charset.pro
scr_curmov.pro
scr_curpos.pro
screen_select.pro
scr_erase.pro
scr_other.pro
scr_reset.pro
scr_scroll.pro
select_o.pro
select_w.pro
sigma_filter.pro
sigrange.pro
sixlin.pro
sixty.pro
size_struct.pro
skyadj_cube.pro
sky.pro
spec_dir.pro
sphdist.pro
spline_smooth.pro
srcor.pro
starast.pro
st_diskread.pro
store_array.pro
strd.pro
str_index.pro
strn.pro
strnumber.pro
stsubim.pro
stsub.pro
stwrt.pro
substar.pro
sunpos.pro
sunsymbol.pro
sxaddhist.pro
sxaddpar.pro
sxdelpar.pro
sxginfo.pro
sxgpar.pro
sxgread.pro
sxhcopy.pro
sxhedit.pro
sxhmake.pro
sxhread.pro
sxhwrite.pro
sxmake.pro
sxopen.pro
sxpar.pro
sxread.pro
sxwrite.pro
tab_addcol.pro
tab_col.pro
tab_create.pro
tab_del.pro
tab_expand.pro
tab_fortospp.pro
tabinv.pro
table_append.pro
table_calc.pro
table_conv.pro
table_delete.pro
table_ext.pro
table_help.pro
table_list.pro
table_print.pro
table_sort.pro
tab_modcol.pro
tab_null.pro
tab_nullrow.pro
tab_print.pro
tab_put.pro
tab_read.pro
tab_size.pro
tab_sort.pro
tab_spptofor.pro
tab_val.pro
tab_write.pro
tag_exist.pro
t_aper.pro
tbdelcol.pro
tbdelrow.pro
tbget.pro
tbhelp.pro
tbinfo.pro
tbprint.pro
tbsize.pro
tdb2tdt.pro
ten.pro
tenv.pro
textclose.pro
textopen.pro
t_find.pro
t_getpsf.pro
t_group.pro
ticlabels.pro
tic_one.pro
ticpos.pro
tics.pro
t_nstar.pro
to_hex.pro
trapzd.pro
tsc.pro
t_substar.pro
tsum.pro
tvbox.pro
tvcircle.pro
tvellipse.pro
tvlaser.pro
tvlist.pro
unzoom_xy.pro
uvbybeta.pro
vactoair.pro
valid_num.pro
vect.pro
vsym.pro
wcs_demo.pro
wcs_getpole.pro
wcs_rotate.pro
wcssph2xy.pro
wcsxy2sph.pro
webget.pro
wfpc2_metric.pro
wfpc2_read.pro
wfpcread.pro
wherenan.pro
where_tag.pro
writefits.pro
xdispstr.pro
xmedsky.pro
xy2ad.pro
xyad.pro
xyxy.pro
xyz.pro
ydn2md.pro
ymd2dn.pro
zang.pro
zbrent.pro
zenpos.pro
zoom_xy.pro
zparcheck.pro
